2026-02-01 14:39:41,765 - INFO - ======================================================================
2026-02-01 14:39:41,766 - INFO - PHASE 1: FIX DATA LEAKAGE AND RUN PROPER BACKTEST
2026-02-01 14:39:41,766 - INFO - ======================================================================
2026-02-01 14:39:41,911 - INFO - ✅ Loaded 3520 games from pregame dataset
2026-02-01 14:39:41,911 - INFO - Columns: ['game_id', 'home_tri', 'away_tri', 'home_efg', 'home_ftr', 'home_tpar', 'home_tor', 'home_orbp', 'away_efg', 'away_ftr']...
2026-02-01 14:39:41,912 - INFO - ======================================================================
2026-02-01 14:39:41,912 - INFO - FETCHING SCHEDULE DATA
2026-02-01 14:39:41,912 - INFO - ======================================================================
2026-02-01 14:39:42,937 - INFO - ✅ Fetched 1230 games from schedule API
2026-02-01 14:39:42,957 - INFO - ✅ Saved schedule to data/raw/schedule_all.json
2026-02-01 14:39:42,958 - INFO - ======================================================================
2026-02-01 14:39:42,958 - INFO - MERGING DATASETS
2026-02-01 14:39:42,958 - INFO - ======================================================================
2026-02-01 14:39:42,959 - INFO - 📊 Pregame games: 3520
2026-02-01 14:39:42,959 - INFO - 📊 Schedule games: 1230
2026-02-01 14:39:42,960 - INFO - 📊 Overlap: 724
2026-02-01 14:39:42,991 - WARNING - ⚠️ 2796 games have missing dates
2026-02-01 14:39:42,999 - INFO - 📅 Date range: 2025-10-21 23:30:00+00:00 to 2026-01-31 17:00:00+00:00
2026-02-01 14:39:43,073 - INFO - ✅ Saved merged dataset to data/processed/pregame_with_dates.parquet
2026-02-01 14:39:43,073 - INFO - ======================================================================
2026-02-01 14:39:43,074 - INFO - WALK-FORWARD TEMPORAL CROSS-VALIDATION (STRICT, LEAKAGE-FREE)
2026-02-01 14:39:43,074 - INFO - ======================================================================
2026-02-01 14:39:43,074 - INFO - Min train size: 500
2026-02-01 14:39:43,074 - INFO - Test size: 200
2026-02-01 14:39:43,074 - INFO - Step size: 200
2026-02-01 14:39:43,076 - INFO - ✅ Sorted 3520 games by date
2026-02-01 14:39:43,848 - INFO - 📊 Fold 0: Train=500, Test=200
2026-02-01 14:39:43,849 - INFO -    Train dates: 2025-10-21 23:30:00+00:00 to 2026-01-02 03:00:00+00:00
2026-02-01 14:39:43,849 - INFO -    Test dates: 2026-01-02 03:30:00+00:00 to 2026-01-29 00:30:00+00:00
2026-02-01 14:39:43,849 - INFO -    Total MAE: Ridge=4.24, RF=5.67, GBT=4.79
2026-02-01 14:39:43,851 - WARNING - ⚠️ Fold 1: Date overlap! Train max=2026-01-29 00:30:00+00:00, Test min=2026-01-29 00:30:00+00:00
2026-02-01 14:39:44,734 - INFO - 📊 Fold 2: Train=900, Test=200
2026-02-01 14:39:44,734 - INFO -    Train dates: 2025-10-21 23:30:00+00:00 to 2026-01-31 17:00:00+00:00
2026-02-01 14:39:44,735 - INFO -    Test dates: NaT to NaT
2026-02-01 14:39:44,735 - INFO -    Total MAE: Ridge=4.01, RF=5.06, GBT=4.17
2026-02-01 14:39:46,696 - INFO - 📊 Fold 4: Train=1300, Test=200
2026-02-01 14:39:46,696 - INFO -    Train dates: 2025-10-21 23:30:00+00:00 to 2026-01-31 17:00:00+00:00
2026-02-01 14:39:46,696 - INFO -    Test dates: NaT to NaT
2026-02-01 14:39:46,696 - INFO -    Total MAE: Ridge=3.86, RF=4.86, GBT=3.90
2026-02-01 14:39:49,185 - INFO - 📊 Fold 6: Train=1700, Test=200
2026-02-01 14:39:49,186 - INFO -    Train dates: 2025-10-21 23:30:00+00:00 to 2026-01-31 17:00:00+00:00
2026-02-01 14:39:49,186 - INFO -    Test dates: NaT to NaT
2026-02-01 14:39:49,186 - INFO -    Total MAE: Ridge=3.11, RF=4.03, GBT=3.43
2026-02-01 14:39:51,812 - INFO - 📊 Fold 8: Train=2100, Test=200
2026-02-01 14:39:51,812 - INFO -    Train dates: 2025-10-21 23:30:00+00:00 to 2026-01-31 17:00:00+00:00
2026-02-01 14:39:51,812 - INFO -    Test dates: NaT to NaT
2026-02-01 14:39:51,812 - INFO -    Total MAE: Ridge=3.51, RF=4.80, GBT=3.85
2026-02-01 14:39:54,802 - INFO - 📊 Fold 10: Train=2500, Test=200
2026-02-01 14:39:54,803 - INFO -    Train dates: 2025-10-21 23:30:00+00:00 to 2026-01-31 17:00:00+00:00
2026-02-01 14:39:54,803 - INFO -    Test dates: NaT to NaT
2026-02-01 14:39:54,803 - INFO -    Total MAE: Ridge=3.32, RF=4.86, GBT=3.70
2026-02-01 14:39:58,118 - INFO - 📊 Fold 12: Train=2900, Test=200
2026-02-01 14:39:58,118 - INFO -    Train dates: 2025-10-21 23:30:00+00:00 to 2026-01-31 17:00:00+00:00
2026-02-01 14:39:58,118 - INFO -    Test dates: NaT to NaT
2026-02-01 14:39:58,119 - INFO -    Total MAE: Ridge=3.45, RF=4.54, GBT=3.95
2026-02-01 14:39:59,965 - INFO - ======================================================================
2026-02-01 14:39:59,965 - INFO - ✅ Completed 13 folds (skipped 1 due to overlap)
2026-02-01 14:39:59,965 - INFO - ======================================================================
2026-02-01 14:39:59,965 - INFO - 📊 TOTAL:
2026-02-01 14:39:59,966 - INFO -    Ridge MAE: 3.52 ± 0.45
2026-02-01 14:39:59,966 - INFO -    RF MAE:    5.44 ± 0.58
2026-02-01 14:39:59,966 - INFO -    GBT MAE:   4.25 ± 0.46
2026-02-01 14:39:59,966 - INFO - 📊 MARGIN:
2026-02-01 14:39:59,967 - INFO -    Ridge MAE: 3.47 ± 0.38
2026-02-01 14:39:59,967 - INFO -    RF MAE:    4.81 ± 0.43
2026-02-01 14:39:59,968 - INFO -    GBT MAE:   3.83 ± 0.40
2026-02-01 14:39:59,978 - INFO - ✅ Saved CV results to data/processed/phase1_cv_results_leakage_free.parquet
2026-02-01 14:39:59,979 - INFO - ✅ Saved report to data/processed/phase1_report_leakage_free.txt
2026-02-01 14:39:59,979 - INFO - ======================================================================
2026-02-01 14:39:59,979 - INFO - ✅ PHASE 1 COMPLETE - DATA LEAKAGE FIXED
2026-02-01 14:39:59,979 - INFO - ======================================================================

======================================================================
PHASE 1: LEAKAGE-FREE HISTORICAL BACKTEST
======================================================================
Timestamp: 2026-02-01 14:39:59

DATASET SUMMARY
----------------------------------------------------------------------
Total games: 3520
Features (14): home_efg, home_ftr, home_tpar, home_tor, home_orbp...
Targets: total, margin

COMPARISON WITH LEAKED RESULTS
----------------------------------------------------------------------
OLD (LEAKED) Results:
  Total MAE: 3.51 points
  Total RMSE: 4.39 points
  Total R²: 0.949

CROSS-VALIDATION RESULTS (LEAKAGE-FREE)
----------------------------------------------------------------------
Folds: 13

TOTAL TARGET:

  Model           | MAE (test)    | RMSE (test)   | R² (test)
  --------------------------------------------------------------------
  Ridge           |   3.52         |   4.40        | 0.9492
  Random Forest   |   5.44         |   6.94        | 0.8736
  GBT             |   4.25         |   5.45        | 0.9222

MARGIN TARGET:

  Model           | MAE (test)    | RMSE (test)   | R² (test)
  --------------------------------------------------------------------
  Ridge           |   3.47         |   4.32        | 0.9221
  Random Forest   |   4.81         |   6.18        | 0.8435
  GBT             |   3.83         |   4.91        | 0.9006

LEAKAGE IMPACT
----------------------------------------------------------------------
Old Total MAE (LEAKED):  3.51
New Total MAE (FIXED):   3.52
Leakage Error:           0.01 points (0.4%)

MODEL SELECTION
----------------------------------------------------------------------
Selected Champion: RIDGE

======================================================================
