================================================================================
VIBE-CODING PIPELINE EXECUTION
================================================================================
Start Time: 2026-02-05 22:11:53

================================================================================
STEP 0: REVIEW CURRENT STATE
================================================================================

✅ pregame      dataset: pregame_team_v2.parquet                            267.2K
✅ halftime     dataset: halftime_with_temporal_features_total.parquet      444.1K
✅ q3           dataset: q3_team_v2.parquet                                 204.3K

--- PREGAME MODELS ---
✅ ridge           : 0.4M
✅ randomforest    : 8.7M
✅ gbt             : 1.7M
✅ calibration   : 126B

--- HALFTIME MODELS ---
✅ ridge           : 3.7M
❌ randomforest    : N/A
✅ gbt             : 7.0M
❌ calibration   : N/A

--- Q3 MODELS ---
✅ ridge           : 1.9M
❌ randomforest    : N/A
✅ gbt             : 3.5M
✅ calibration   : 126B

--- BACKTEST RESULTS ---
✅ pregame      backtest : pregame_backtest_results.parquet
✅ pregame      readout  : pregame_readout.txt
✅ halftime     backtest : halftime_backtest_results.parquet
❌ halftime     readout  : halftime_readout.txt
✅ q3           backtest : q3_backtest_results.parquet
✅ q3           readout  : q3_readout.txt

================================================================================
STEP 1: LOAD BACKTEST RESULTS
================================================================================

✅ Loaded pregame readout
❌ halftime readout not found
✅ Loaded q3 readout

================================================================================
STEP 2: PARSE MODEL PERFORMANCE
================================================================================

--- PREGAME PERFORMANCE ---
  ridge          : MAE = 3.5080
  gbt            : MAE = 4.3230
  random_forest  : MAE = 5.4770

--- Q3 PERFORMANCE ---
  ridge          : MAE = 6.5490
  gbt            : MAE = 6.8950
  random_forest  : MAE = 7.5220

================================================================================
STEP 3: SELECT CHAMPION MODELS
================================================================================

--- PREGAME CHAMPION ---
  Best Model: ridge_twohead.joblib
  MAE: 3.5080
  Selected for: total, margin, winner, team_total

⚠️  No metrics for halftime, using defaults
--- Q3 CHAMPION ---
  Best Model: ridge_twohead.joblib
  MAE: 6.5490
  Selected for: total, margin, winner, team_total

================================================================================
STEP 4: GENERATE champion_models.json
================================================================================

✅ Champion models saved to: data/processed/champion_models.json

CHAMPION MODEL SELECTION:
--------------------------------------------------------------------------------

PREGAME:
  Total:      ridge_twohead.joblib
  Margin:     ridge_twohead.joblib
  Winner:     ridge_twohead.joblib
  Team Total: ridge_twohead.joblib
  Best MAE:   3.5080

HALFTIME:
  Total:      ridge_twohead.joblib
  Margin:     ridge_twohead.joblib
  Winner:     ridge_twohead.joblib
  Team Total: ridge_twohead.joblib
  Best MAE:   0.0000

Q3:
  Total:      ridge_twohead.joblib
  Margin:     ridge_twohead.joblib
  Winner:     ridge_twohead.joblib
  Team Total: ridge_twohead.joblib
  Best MAE:   6.5490

================================================================================
STEP 5: GENERATE COMPREHENSIVE REPORT
================================================================================

✅ Comprehensive report saved to: VIBE_EXECUTION_REPORT.md

================================================================================
VIBE-CODING PIPELINE COMPLETE
================================================================================

End Time: 2026-02-05 22:11:53

Summary:
  ✅ States processed: 3 (pregame, halftime, q3)
  ✅ Champion models selected
  ✅ champion_models.json generated
  ✅ Comprehensive report generated

Champion Models:
  PREGAME      -> ridge_twohead.joblib (MAE: 3.5080)
  HALFTIME     -> ridge_twohead.joblib (MAE: 0.0000)
  Q3           -> ridge_twohead.joblib (MAE: 6.5490)

Output Files:
  - data/processed/champion_models.json
  - VIBE_EXECUTION_REPORT.md

================================================================================
✅ PIPELINE COMPLETE
================================================================================
================================================================================
VIBE-CODING PIPELINE EXECUTION
================================================================================
Start Time: 2026-02-05 22:14:20

================================================================================
STEP 0: REVIEW CURRENT STATE
================================================================================

✅ pregame      dataset: pregame_team_v2.parquet                            267.2K
✅ halftime     dataset: halftime_with_temporal_features_total.parquet      444.1K
✅ q3           dataset: q3_team_v2.parquet                                 204.3K

--- PREGAME MODELS ---
✅ ridge           : 0.4M
✅ randomforest    : 8.7M
✅ gbt             : 1.7M
✅ calibration   : 126B

--- HALFTIME MODELS ---
✅ ridge           : 3.7M
❌ randomforest    : N/A
✅ gbt             : 7.0M
❌ calibration   : N/A

--- Q3 MODELS ---
✅ ridge           : 1.9M
❌ randomforest    : N/A
✅ gbt             : 3.5M
✅ calibration   : 126B

--- BACKTEST RESULTS ---
✅ pregame      backtest : pregame_backtest_results.parquet
✅ pregame      readout  : pregame_readout.txt
✅ halftime     backtest : halftime_backtest_results.parquet
✅ halftime     readout  : halftime_readout.txt
✅ q3           backtest : q3_backtest_results.parquet
✅ q3           readout  : q3_readout.txt

================================================================================
STEP 1: LOAD BACKTEST RESULTS
================================================================================

✅ Loaded pregame readout
✅ Loaded halftime readout
✅ Loaded q3 readout

================================================================================
STEP 2: PARSE MODEL PERFORMANCE
================================================================================

--- PREGAME PERFORMANCE ---
  ridge          : MAE = 3.5080
  gbt            : MAE = 4.3230
  random_forest  : MAE = 5.4770

--- HALFTIME PERFORMANCE ---
  ridge          : MAE = 0.6380

--- Q3 PERFORMANCE ---
  ridge          : MAE = 6.5490
  gbt            : MAE = 6.8950
  random_forest  : MAE = 7.5220

================================================================================
STEP 3: SELECT CHAMPION MODELS
================================================================================

--- PREGAME CHAMPION ---
  Best Model: ridge_twohead.joblib
  MAE: 3.5080
  Selected for: total, margin, winner, team_total

--- HALFTIME CHAMPION ---
  Best Model: ridge_twohead.joblib
  MAE: 0.6380
  Selected for: total, margin, winner, team_total

--- Q3 CHAMPION ---
  Best Model: ridge_twohead.joblib
  MAE: 6.5490
  Selected for: total, margin, winner, team_total

================================================================================
STEP 4: GENERATE champion_models.json
================================================================================

✅ Champion models saved to: data/processed/champion_models.json

CHAMPION MODEL SELECTION:
--------------------------------------------------------------------------------

PREGAME:
  Total:      ridge_twohead.joblib
  Margin:     ridge_twohead.joblib
  Winner:     ridge_twohead.joblib
  Team Total: ridge_twohead.joblib
  Best MAE:   3.5080

HALFTIME:
  Total:      ridge_twohead.joblib
  Margin:     ridge_twohead.joblib
  Winner:     ridge_twohead.joblib
  Team Total: ridge_twohead.joblib
  Best MAE:   0.6380

Q3:
  Total:      ridge_twohead.joblib
  Margin:     ridge_twohead.joblib
  Winner:     ridge_twohead.joblib
  Team Total: ridge_twohead.joblib
  Best MAE:   6.5490

================================================================================
STEP 5: GENERATE COMPREHENSIVE REPORT
================================================================================

✅ Comprehensive report saved to: VIBE_EXECUTION_REPORT.md

================================================================================
VIBE-CODING PIPELINE COMPLETE
================================================================================

End Time: 2026-02-05 22:14:20

Summary:
  ✅ States processed: 3 (pregame, halftime, q3)
  ✅ Champion models selected
  ✅ champion_models.json generated
  ✅ Comprehensive report generated

Champion Models:
  PREGAME      -> ridge_twohead.joblib (MAE: 3.5080)
  HALFTIME     -> ridge_twohead.joblib (MAE: 0.6380)
  Q3           -> ridge_twohead.joblib (MAE: 6.5490)

Output Files:
  - data/processed/champion_models.json
  - VIBE_EXECUTION_REPORT.md

================================================================================
✅ PIPELINE COMPLETE
================================================================================
